// Vitest Snapshot v1, https://vitest.dev/guide/snapshot.html

exports[`FavoritesPage snapshot 1`] = `
<DocumentFragment>
  <main
    class="w-full flex flex-col"
  >
    <div
      class="w-1/2 text-left absolute"
    >
      <nav
        aria-label="breadcrumb"
        class="w-max"
      >
        <ol
          class="flex w-full flex-wrap items-center rounded-md bg-opacity-60 py-2 px-4 "
        >
          <li
            class="flex items-center font-sans text-sm font-normal leading-normal antialiased transition-colors"
          >
            <a
              class="opacity-60 duration-300 hover:text-green"
              href="/"
            >
              <svg
                class="h-4 w-4"
                fill="currentColor"
                viewBox="0 0 20 20"
                xmlns="http://www.w3.org/2000/svg"
              >
                <path
                  d="M10.707 2.293a1 1 0 00-1.414 0l-7 7a1 1 0 001.414 1.414L4 10.414V17a1 1 0 001 1h2a1 1 0 001-1v-2a1 1 0 011-1h2a1 1 0 011 1v2a1 1 0 001 1h2a1 1 0 001-1v-6.586l.293.293a1 1 0 001.414-1.414l-7-7z"
                />
              </svg>
            </a>
            <span
              class="pointer-events-none mx-2 select-none font-sans text-sm font-normal leading-normal antialiased"
            >
              /
            </span>
          </li>
          <li
            class="flex items-center font-sans text-sm font-normal leading-normal antialiased transition-colors"
          >
            <div
              class="opacity-70"
            >
              <span>
                Favorites
              </span>
            </div>
          </li>
        </ol>
      </nav>
    </div>
    <section
      class="w-full flex flex-col justify-center items-center mt-5"
    >
      <div
        class="h-96 flex items-center"
      >
        <span
          style="width: 100px; height: 100px; border-radius: 100%; border: 2px solid; border-top-color: #8fc0a9; border-bottom-color: transparent; border-left-color: #8fc0a9; border-right-color: #8fc0a9; display: inline-block; animation: react-spinners-ClipLoader-clip 0.75s 0s infinite linear; animation-fill-mode: both;"
        />
      </div>
    </section>
  </main>
</DocumentFragment>
`;
