// Vitest Snapshot v1, https://vitest.dev/guide/snapshot.html

exports[`HomePage snapshot 1`] = `
<DocumentFragment>
  <main
    class="flex flex-col items-center justify-center w-screen"
  >
    <div
      class="relative w-11/12 sm:w-3/5 mt-10 drop-shadow mb-5 z-40"
    >
      <h3
        class="hidden md:block text-xs m-1 opacity-70"
      >
        Enter your search term and press 'Enter' to search
      </h3>
      <form
        autocomplete="off"
        class="flex items-center pl-2 bg-[#FFFFFF] rounded-lg h-14"
        role="search"
      >
        <label
          class="sr-only"
          for="searchInput"
        >
          Search for a song or artist
        </label>
        <input
          class="w-full p-2 outline-none rounded-md"
          id="searchInput"
          placeholder="Search for a song or artist"
          type="text"
          value=""
        />
        <div
          class="h-full border-x-[1.5px] flex justify-center items-center"
        >
          <div
            class="relative inline-block text-left h-full"
            data-headlessui-state=""
          >
            <div
              class="absolute -top-5 text-xs mb-1 opacity-70"
              role="button"
            >
              Filter by
            </div>
            <section
              class="h-full w-full"
            >
              <button
                aria-expanded="false"
                aria-haspopup="menu"
                class="w-24 inline-flex justify-center items-center h-full px-4 py-2 bg-white text-sm font-medium text-gray-700 hover:bg-gray-50  focus-visible:ring-2 focus-visible:ring-white transition-all focus-visible:ring-opacity-75"
                data-headlessui-state=""
                id="headlessui-menu-button-:r0:"
                type="button"
              >
                <span
                  class="block overflow-hidden text-ellipsis whitespace-nowrap"
                >
                  Song
                </span>
                <svg
                  aria-hidden="true"
                  class="ml-2 -mr-1 h-5 w-5"
                  fill="currentColor"
                  viewBox="0 0 20 20"
                  xmlns="http://www.w3.org/2000/svg"
                >
                  <path
                    clip-rule="evenodd"
                    d="M5.23 7.21a.75.75 0 011.06.02L10 11.168l3.71-3.938a.75.75 0 111.08 1.04l-4.25 4.5a.75.75 0 01-1.08 0l-4.25-4.5a.75.75 0 01.02-1.06z"
                    fill-rule="evenodd"
                  />
                </svg>
              </button>
            </section>
          </div>
        </div>
        <button
          aria-label="Search"
          class="p-2 rounded-md hover:bg-gray-50 transition-all h-full w-16 flex justify-center items-center rounded-l-none"
          data-testid="search-button"
          type="submit"
        >
          <svg
            color="#999"
            data-testid="search-icon"
            fill="currentColor"
            height="20"
            stroke="currentColor"
            stroke-width="0"
            style="color: rgb(153, 153, 153);"
            viewBox="0 0 512 512"
            width="20"
            xmlns="http://www.w3.org/2000/svg"
          >
            <path
              d="M505 442.7L405.3 343c-4.5-4.5-10.6-7-17-7H372c27.6-35.3 44-79.7 44-128C416 93.1 322.9 0 208 0S0 93.1 0 208s93.1 208 208 208c48.3 0 92.7-16.4 128-44v16.3c0 6.4 2.5 12.5 7 17l99.7 99.7c9.4 9.4 24.6 9.4 33.9 0l28.3-28.3c9.4-9.4 9.4-24.6.1-34zM208 336c-70.7 0-128-57.2-128-128 0-70.7 57.2-128 128-128 70.7 0 128 57.2 128 128 0 70.7-57.2 128-128 128z"
            />
          </svg>
        </button>
      </form>
    </div>
    <div
      class="h-96 flex items-center"
    >
      <span
        style="width: 100px; height: 100px; border-radius: 100%; border: 2px solid; border-top-color: #8fc0a9; border-bottom-color: transparent; border-left-color: #8fc0a9; border-right-color: #8fc0a9; display: inline-block; animation: react-spinners-ClipLoader-clip 0.75s 0s infinite linear; animation-fill-mode: both;"
      />
    </div>
  </main>
</DocumentFragment>
`;
